  Ôû▓ Next.js 14.2.35

   Creating an optimized production build ...
node.exe : Failed to compile.
At line:1 char:76
+ ... ine-tarot"; & "C:\Program Files\nodejs\node.exe" "C:\Users\Mayank\One ...
+                 ~~~~~~~~~~~~~~~~~~~~~~~~~~~~~~~~~~~~~~~~~~~~~~~~~~~~~~~~~
    + CategoryInfo          : NotSpecified: (Failed to compile.:String) [], RemoteException
    + FullyQualifiedErrorId : NativeCommandError
 

./src/app/admin/translations/page.tsx
Module not found: Can't resolve '@/translations'

https://nextjs.org/docs/messages/module-not-found

./src/lib/i18n/loader.ts
Module not found: Can't resolve '@/lib/i18n'

https://nextjs.org/docs/messages/module-not-found

Import trace for requested module:
./src/hooks/useLanguage.ts
./src/components/ClientProviders.tsx

./src/app/api/translations/route.ts
Module not found: Can't resolve '@/translations'

https://nextjs.org/docs/messages/module-not-found


> Build failed because of webpack errors
